// Jest Snapshot v1, https://goo.gl/fbAQLP

exports[`ExampleLambdaStack synthetizes the expected template 1`] = `
{
  "Parameters": {
    "BootstrapVersion": {
      "Default": "/cdk-bootstrap/hnb659fds/version",
      "Description": "Version of the CDK Bootstrap resources in this environment, automatically retrieved from SSM Parameter Store. [cdk:skip]",
      "Type": "AWS::SSM::Parameter::Value<String>",
    },
  },
  "Resources": {
    "BucketNotificationsHandler050a0587b7544547bf325f094a3db8347ECC3691": {
      "DependsOn": [
        "BucketNotificationsHandler050a0587b7544547bf325f094a3db834RoleDefaultPolicy2CF63D36",
        "BucketNotificationsHandler050a0587b7544547bf325f094a3db834RoleB6FB88EC",
      ],
      "Properties": {
        "Code": {
          "ZipFile": "import boto3  # type: ignore
import json
import logging
import urllib.request

s3 = boto3.client("s3")

EVENTBRIDGE_CONFIGURATION = 'EventBridgeConfiguration'

CONFIGURATION_TYPES = ["TopicConfigurations", "QueueConfigurations", "LambdaFunctionConfigurations"]

def handler(event: dict, context):
  response_status = "SUCCESS"
  error_message = ""
  try:
    props = event["ResourceProperties"]
    bucket = props["BucketName"]
    notification_configuration = props["NotificationConfiguration"]
    request_type = event["RequestType"]
    managed = props.get('Managed', 'true').lower() == 'true'
    stack_id = event['StackId']

    if managed:
      config = handle_managed(request_type, notification_configuration)
    else:
      config = handle_unmanaged(bucket, stack_id, request_type, notification_configuration)

    put_bucket_notification_configuration(bucket, config)
  except Exception as e:
    logging.exception("Failed to put bucket notification configuration")
    response_status = "FAILED"
    error_message = f"Error: {str(e)}. "
  finally:
    submit_response(event, context, response_status, error_message)

def handle_managed(request_type, notification_configuration):
  if request_type == 'Delete':
    return {}
  return notification_configuration

def handle_unmanaged(bucket, stack_id, request_type, notification_configuration):
  external_notifications = find_external_notifications(bucket, stack_id)

  if request_type == 'Delete':
    return external_notifications

  def with_id(notification):
    notification['Id'] = f"{stack_id}-{hash(json.dumps(notification, sort_keys=True))}"
    return notification

  notifications = {}
  for t in CONFIGURATION_TYPES:
    external = external_notifications.get(t, [])
    incoming = [with_id(n) for n in notification_configuration.get(t, [])]
    notifications[t] = external + incoming

  if EVENTBRIDGE_CONFIGURATION in notification_configuration:
    notifications[EVENTBRIDGE_CONFIGURATION] = notification_configuration[EVENTBRIDGE_CONFIGURATION]
  elif EVENTBRIDGE_CONFIGURATION in external_notifications:
    notifications[EVENTBRIDGE_CONFIGURATION] = external_notifications[EVENTBRIDGE_CONFIGURATION]

  return notifications

def find_external_notifications(bucket, stack_id):
  existing_notifications = get_bucket_notification_configuration(bucket)
  external_notifications = {}
  for t in CONFIGURATION_TYPES:
    external_notifications[t] = [n for n in existing_notifications.get(t, []) if not n['Id'].startswith(f"{stack_id}-")]

  if EVENTBRIDGE_CONFIGURATION in existing_notifications:
    external_notifications[EVENTBRIDGE_CONFIGURATION] = existing_notifications[EVENTBRIDGE_CONFIGURATION]

  return external_notifications

def get_bucket_notification_configuration(bucket):
  return s3.get_bucket_notification_configuration(Bucket=bucket)

def put_bucket_notification_configuration(bucket, notification_configuration):
  s3.put_bucket_notification_configuration(Bucket=bucket, NotificationConfiguration=notification_configuration)

def submit_response(event: dict, context, response_status: str, error_message: str):
  response_body = json.dumps(
    {
      "Status": response_status,
      "Reason": f"{error_message}See the details in CloudWatch Log Stream: {context.log_stream_name}",
      "PhysicalResourceId": event.get("PhysicalResourceId") or event["LogicalResourceId"],
      "StackId": event["StackId"],
      "RequestId": event["RequestId"],
      "LogicalResourceId": event["LogicalResourceId"],
      "NoEcho": False,
    }
  ).encode("utf-8")
  headers = {"content-type": "", "content-length": str(len(response_body))}
  try:
    req = urllib.request.Request(url=event["ResponseURL"], headers=headers, data=response_body, method="PUT")
    with urllib.request.urlopen(req) as response:
      print(response.read().decode("utf-8"))
    print("Status code: " + response.reason)
  except Exception as e:
      print("send(..) failed executing request.urlopen(..): " + str(e))
",
        },
        "Description": "AWS CloudFormation handler for "Custom::S3BucketNotifications" resources (@aws-cdk/aws-s3)",
        "Handler": "index.handler",
        "Role": {
          "Fn::GetAtt": [
            "BucketNotificationsHandler050a0587b7544547bf325f094a3db834RoleB6FB88EC",
            "Arn",
          ],
        },
        "Runtime": "python3.9",
        "Timeout": 300,
      },
      "Type": "AWS::Lambda::Function",
    },
    "BucketNotificationsHandler050a0587b7544547bf325f094a3db834RoleB6FB88EC": {
      "Properties": {
        "AssumeRolePolicyDocument": {
          "Statement": [
            {
              "Action": "sts:AssumeRole",
              "Effect": "Allow",
              "Principal": {
                "Service": "lambda.amazonaws.com",
              },
            },
          ],
          "Version": "2012-10-17",
        },
        "ManagedPolicyArns": [
          {
            "Fn::Join": [
              "",
              [
                "arn:",
                {
                  "Ref": "AWS::Partition",
                },
                ":iam::aws:policy/service-role/AWSLambdaBasicExecutionRole",
              ],
            ],
          },
        ],
      },
      "Type": "AWS::IAM::Role",
    },
    "BucketNotificationsHandler050a0587b7544547bf325f094a3db834RoleDefaultPolicy2CF63D36": {
      "Properties": {
        "PolicyDocument": {
          "Statement": [
            {
              "Action": "s3:PutBucketNotification",
              "Effect": "Allow",
              "Resource": "*",
            },
          ],
          "Version": "2012-10-17",
        },
        "PolicyName": "BucketNotificationsHandler050a0587b7544547bf325f094a3db834RoleDefaultPolicy2CF63D36",
        "Roles": [
          {
            "Ref": "BucketNotificationsHandler050a0587b7544547bf325f094a3db834RoleB6FB88EC",
          },
        ],
      },
      "Type": "AWS::IAM::Policy",
    },
    "ExampleBucketAllowBucketNotificationsToExampleLambdaStackExampleFunctionC068B632D16B3640": {
      "Properties": {
        "Action": "lambda:InvokeFunction",
        "FunctionName": {
          "Fn::GetAtt": [
            "ExampleFunctionB28997EC",
            "Arn",
          ],
        },
        "Principal": "s3.amazonaws.com",
        "SourceAccount": {
          "Ref": "AWS::AccountId",
        },
        "SourceArn": {
          "Fn::GetAtt": [
            "ExampleBucketDC717CF4",
            "Arn",
          ],
        },
      },
      "Type": "AWS::Lambda::Permission",
    },
    "ExampleBucketDC717CF4": {
      "DeletionPolicy": "Retain",
      "Properties": {
        "PublicAccessBlockConfiguration": {
          "BlockPublicAcls": true,
          "BlockPublicPolicy": true,
          "IgnorePublicAcls": true,
          "RestrictPublicBuckets": true,
        },
      },
      "Type": "AWS::S3::Bucket",
      "UpdateReplacePolicy": "Retain",
    },
    "ExampleBucketNotificationsAA853D9F": {
      "DependsOn": [
        "ExampleBucketAllowBucketNotificationsToExampleLambdaStackExampleFunctionC068B632D16B3640",
      ],
      "Properties": {
        "BucketName": {
          "Ref": "ExampleBucketDC717CF4",
        },
        "Managed": true,
        "NotificationConfiguration": {
          "LambdaFunctionConfigurations": [
            {
              "Events": [
                "s3:ObjectCreated:*",
              ],
              "LambdaFunctionArn": {
                "Fn::GetAtt": [
                  "ExampleFunctionB28997EC",
                  "Arn",
                ],
              },
            },
          ],
        },
        "ServiceToken": {
          "Fn::GetAtt": [
            "BucketNotificationsHandler050a0587b7544547bf325f094a3db8347ECC3691",
            "Arn",
          ],
        },
      },
      "Type": "Custom::S3BucketNotifications",
    },
    "ExampleFunctionB28997EC": {
      "DependsOn": [
        "ExampleFunctionServiceRoleDefaultPolicy542523B4",
        "ExampleFunctionServiceRoleA44A0F8B",
      ],
      "Properties": {
        "Architectures": [
          "arm64",
        ],
        "Code": {
          "S3Bucket": {
            "Fn::Sub": "cdk-hnb659fds-assets-\${AWS::AccountId}-\${AWS::Region}",
          },
          "S3Key": "23d7ee02029a46034bc7bafa5c16c7a61b4c091b6d7f2b3fedec5102e1c4df16.zip",
        },
        "Environment": {
          "Variables": {
            "AWS_NODEJS_CONNECTION_REUSE_ENABLED": "1",
            "BUCKET_NAME": {
              "Ref": "ExampleBucketDC717CF4",
            },
          },
        },
        "Handler": "index.handler",
        "MemorySize": 256,
        "Role": {
          "Fn::GetAtt": [
            "ExampleFunctionServiceRoleA44A0F8B",
            "Arn",
          ],
        },
        "Runtime": "nodejs18.x",
        "Timeout": 60,
      },
      "Type": "AWS::Lambda::Function",
    },
    "ExampleFunctionLogRetention2563C13C": {
      "Properties": {
        "LogGroupName": {
          "Fn::Join": [
            "",
            [
              "/aws/lambda/",
              {
                "Ref": "ExampleFunctionB28997EC",
              },
            ],
          ],
        },
        "RetentionInDays": 7,
        "ServiceToken": {
          "Fn::GetAtt": [
            "LogRetentionaae0aa3c5b4d4f87b02d85b201efdd8aFD4BFC8A",
            "Arn",
          ],
        },
      },
      "Type": "Custom::LogRetention",
    },
    "ExampleFunctionServiceRoleA44A0F8B": {
      "Properties": {
        "AssumeRolePolicyDocument": {
          "Statement": [
            {
              "Action": "sts:AssumeRole",
              "Effect": "Allow",
              "Principal": {
                "Service": "lambda.amazonaws.com",
              },
            },
          ],
          "Version": "2012-10-17",
        },
        "ManagedPolicyArns": [
          {
            "Fn::Join": [
              "",
              [
                "arn:",
                {
                  "Ref": "AWS::Partition",
                },
                ":iam::aws:policy/service-role/AWSLambdaBasicExecutionRole",
              ],
            ],
          },
        ],
      },
      "Type": "AWS::IAM::Role",
    },
    "ExampleFunctionServiceRoleDefaultPolicy542523B4": {
      "Properties": {
        "PolicyDocument": {
          "Statement": [
            {
              "Action": [
                "s3:GetObject*",
                "s3:GetBucket*",
                "s3:List*",
              ],
              "Effect": "Allow",
              "Resource": [
                {
                  "Fn::GetAtt": [
                    "ExampleBucketDC717CF4",
                    "Arn",
                  ],
                },
                {
                  "Fn::Join": [
                    "",
                    [
                      {
                        "Fn::GetAtt": [
                          "ExampleBucketDC717CF4",
                          "Arn",
                        ],
                      },
                      "/*",
                    ],
                  ],
                },
              ],
            },
          ],
          "Version": "2012-10-17",
        },
        "PolicyName": "ExampleFunctionServiceRoleDefaultPolicy542523B4",
        "Roles": [
          {
            "Ref": "ExampleFunctionServiceRoleA44A0F8B",
          },
        ],
      },
      "Type": "AWS::IAM::Policy",
    },
    "LogRetentionaae0aa3c5b4d4f87b02d85b201efdd8aFD4BFC8A": {
      "DependsOn": [
        "LogRetentionaae0aa3c5b4d4f87b02d85b201efdd8aServiceRoleDefaultPolicyADDA7DEB",
        "LogRetentionaae0aa3c5b4d4f87b02d85b201efdd8aServiceRole9741ECFB",
      ],
      "Properties": {
        "Code": {
          "S3Bucket": {
            "Fn::Sub": "cdk-hnb659fds-assets-\${AWS::AccountId}-\${AWS::Region}",
          },
          "S3Key": "5fa1330271b8967d9254ba2d4a07144f8acefe8b77e6d6bba38261373a50d5f8.zip",
        },
        "Handler": "index.handler",
        "Role": {
          "Fn::GetAtt": [
            "LogRetentionaae0aa3c5b4d4f87b02d85b201efdd8aServiceRole9741ECFB",
            "Arn",
          ],
        },
        "Runtime": "nodejs14.x",
      },
      "Type": "AWS::Lambda::Function",
    },
    "LogRetentionaae0aa3c5b4d4f87b02d85b201efdd8aServiceRole9741ECFB": {
      "Properties": {
        "AssumeRolePolicyDocument": {
          "Statement": [
            {
              "Action": "sts:AssumeRole",
              "Effect": "Allow",
              "Principal": {
                "Service": "lambda.amazonaws.com",
              },
            },
          ],
          "Version": "2012-10-17",
        },
        "ManagedPolicyArns": [
          {
            "Fn::Join": [
              "",
              [
                "arn:",
                {
                  "Ref": "AWS::Partition",
                },
                ":iam::aws:policy/service-role/AWSLambdaBasicExecutionRole",
              ],
            ],
          },
        ],
      },
      "Type": "AWS::IAM::Role",
    },
    "LogRetentionaae0aa3c5b4d4f87b02d85b201efdd8aServiceRoleDefaultPolicyADDA7DEB": {
      "Properties": {
        "PolicyDocument": {
          "Statement": [
            {
              "Action": [
                "logs:PutRetentionPolicy",
                "logs:DeleteRetentionPolicy",
              ],
              "Effect": "Allow",
              "Resource": "*",
            },
          ],
          "Version": "2012-10-17",
        },
        "PolicyName": "LogRetentionaae0aa3c5b4d4f87b02d85b201efdd8aServiceRoleDefaultPolicyADDA7DEB",
        "Roles": [
          {
            "Ref": "LogRetentionaae0aa3c5b4d4f87b02d85b201efdd8aServiceRole9741ECFB",
          },
        ],
      },
      "Type": "AWS::IAM::Policy",
    },
  },
  "Rules": {
    "CheckBootstrapVersion": {
      "Assertions": [
        {
          "Assert": {
            "Fn::Not": [
              {
                "Fn::Contains": [
                  [
                    "1",
                    "2",
                    "3",
                    "4",
                    "5",
                  ],
                  {
                    "Ref": "BootstrapVersion",
                  },
                ],
              },
            ],
          },
          "AssertDescription": "CDK bootstrap stack version 6 required. Please run 'cdk bootstrap' with a recent version of the CDK CLI.",
        },
      ],
    },
  },
}
`;
